[
  "snowflake_account",
  "snowflake_account_authentication_policy_attachment",
  "snowflake_account_parameter",
  "snowflake_account_password_policy_attachment",
  "snowflake_account_role",
  "snowflake_account_session_policy_attachment",
  "snowflake_alert",
  "snowflake_api_authentication_integration_with_authorization_code_grant",
  "snowflake_api_authentication_integration_with_client_credentials",
  "snowflake_api_authentication_integration_with_jwt_bearer",
  "snowflake_api_integration",
  "snowflake_api_integration_amazon_api_gateway",
  "snowflake_api_integration_azure_api_management",
  "snowflake_api_integration_external_mcp_dynamic_client",
  "snowflake_api_integration_external_mcp_oauth2",
  "snowflake_api_integration_git_repository_github_app",
  "snowflake_api_integration_git_repository_oauth2",
  "snowflake_api_integration_git_repository_private_link",
  "snowflake_api_integration_git_repository_token",
  "snowflake_api_integration_google_cloud_api_gateway",
  "snowflake_authentication_policy",
  "snowflake_catalog_integration_aws_glue",
  "snowflake_catalog_integration_iceberg_rest",
  "snowflake_catalog_integration_object_storage",
  "snowflake_catalog_integration_open_catalog",
  "snowflake_compute_pool",
  "snowflake_cortex_agent",
  "snowflake_cortex_search_service",
  "snowflake_current_account",
  "snowflake_current_organization_account",
  "snowflake_database",
  "snowflake_database_role",
  "snowflake_dynamic_table",
  "snowflake_email_notification_integration",
  "snowflake_execute",
  "snowflake_external_function",
  "snowflake_external_oauth_integration",
  "snowflake_external_table",
  "snowflake_external_volume",
  "snowflake_failover_group",
  "snowflake_file_format",
  "snowflake_function_java",
  "snowflake_function_javascript",
  "snowflake_function_python",
  "snowflake_function_scala",
  "snowflake_function_sql",
  "snowflake_git_repository",
  "snowflake_grant_account_role",
  "snowflake_grant_application_role",
  "snowflake_grant_database_role",
  "snowflake_grant_ownership",
  "snowflake_grant_privileges_to_account_role",
  "snowflake_grant_privileges_to_database_role",
  "snowflake_grant_privileges_to_share",
  "snowflake_iceberg_table_from_delta_files",
  "snowflake_iceberg_table_from_files",
  "snowflake_image_repository",
  "snowflake_job_service",
  "snowflake_legacy_service_user",
  "snowflake_listing",
  "snowflake_managed_account",
  "snowflake_masking_policy",
  "snowflake_materialized_view",
  "snowflake_network_policy",
  "snowflake_network_policy_attachment",
  "snowflake_network_rule",
  "snowflake_notebook",
  "snowflake_notification_integration",
  "snowflake_oauth_integration_for_custom_clients",
  "snowflake_oauth_integration_for_partner_applications",
  "snowflake_object_parameter",
  "snowflake_password_policy",
  "snowflake_pipe",
  "snowflake_postgres_instance",
  "snowflake_primary_connection",
  "snowflake_procedure_java",
  "snowflake_procedure_javascript",
  "snowflake_procedure_python",
  "snowflake_procedure_scala",
  "snowflake_procedure_sql",
  "snowflake_resource_monitor",
  "snowflake_row_access_policy",
  "snowflake_saml2_integration",
  "snowflake_schema",
  "snowflake_scim_integration",
  "snowflake_secondary_connection",
  "snowflake_secondary_database",
  "snowflake_secret_with_authorization_code_grant",
  "snowflake_secret_with_basic_authentication",
  "snowflake_secret_with_client_credentials",
  "snowflake_secret_with_generic_string",
  "snowflake_semantic_view",
  "snowflake_sequence",
  "snowflake_service",
  "snowflake_service_user",
  "snowflake_session_policy",
  "snowflake_share",
  "snowflake_shared_database",
  "snowflake_stage",
  "snowflake_stage_external_azure",
  "snowflake_stage_external_gcs",
  "snowflake_stage_external_s3",
  "snowflake_stage_external_s3_compatible",
  "snowflake_stage_internal",
  "snowflake_storage_integration",
  "snowflake_storage_integration_aws",
  "snowflake_storage_integration_azure",
  "snowflake_storage_integration_gcs",
  "snowflake_storage_lifecycle_policy",
  "snowflake_streamlit",
  "snowflake_stream_on_directory_table",
  "snowflake_stream_on_external_table",
  "snowflake_stream_on_table",
  "snowflake_stream_on_view",
  "snowflake_table",
  "snowflake_table_column_masking_policy_application",
  "snowflake_table_constraint",
  "snowflake_table_storage_lifecycle_policy_attachment",
  "snowflake_tag",
  "snowflake_tag_association",
  "snowflake_task",
  "snowflake_user",
  "snowflake_user_authentication_policy_attachment",
  "snowflake_user_password_policy_attachment",
  "snowflake_user_programmatic_access_token",
  "snowflake_user_public_keys",
  "snowflake_user_session_policy_attachment",
  "snowflake_view",
  "snowflake_warehouse",
  "snowflake_warehouse_adaptive"
]
